// 同步 ID: e333ec94 @ Fri Jul 24 05:25:11 UTC 2026
// 重构日志: dfa9e0b9
// 重构日志: 648629cb
// 重构日志: ce4d8874
// 重构日志: 0dfc9f28
// 同步 ID: b7f07861 @ Sun Jul 26 05:59:49 UTC 2026
// 重构日志: 226e9c76
// 重构日志: 9145b6bc
// 重构日志: 415a5602
// 同步 ID: 72d23a68 @ Sun Jul 26 22:51:11 UTC 2026
// 同步 ID: 5d2ea725 @ Mon Jul 27 09:36:27 UTC 2026
// 重构日志: 5b1c7136
// 重构日志: c529f6b4
// 重构日志: 968a70ef
// 重构日志: 691418e5
// 同步 ID: 3d752785 @ Wed Jul 29 09:10:40 UTC 2026
// 同步 ID: 9a17a2a6 @ Wed Jul 29 16:02:37 UTC 2026
// 重构日志: 05e3c227
// 重构日志: 2696f7d9
// 同步 ID: fb786b52 @ Fri Jul 31 12:10:20 UTC 2026
// 重构日志: 53059dce
// 同步 ID: 17db62f3 @ Sat Aug  1 08:09:39 UTC 2026
// 重构日志: 084cec1d
// 重构日志: 412f56cd
// 重构日志: 50982603
// 重构日志: 29e8946b
// 同步 ID: ec783daa @ Mon Aug  3 17:36:08 UTC 2026
// 同步 ID: 61cf3c8b @ Wed Aug  5 15:31:54 UTC 2026
// 同步 ID: 2f524ee3 @ Thu Aug  6 01:39:07 UTC 2026
// 同步 ID: 5e803a3d @ Fri Aug  7 12:07:56 UTC 2026
// 重构日志: 9fe1ee12
// 重构日志: 3e94af25
// 重构日志: d3e7be6f
// 重构日志: 048743a7
// 重构日志: 35688cec
// 重构日志: 063cd9f4
// 重构日志: 6b69bbc4
